[2026-09-22 09:51:36] downloading COCO val2014 annotations (~240MB)
[2026-09-22 09:51:40] instances json ready
[2026-09-22 09:51:40] preparing POPE splits
scripts/prepare_all.sh: line 38: python: command not found
[2026-09-22 09:51:40] trying RefCOCO refs(unc).pkl download
[2026-09-22 09:51:43] WARNING: refcoco.jsonl missing; grounding/cond/occlusion probes will be skipped
[2026-09-22 09:51:43] lazy-downloading COCO val2014 images (capped)
scripts/prepare_all.sh: line 59: python: command not found
[2026-09-22 09:51:43] PREP_DONE
[2026-09-22 09:54:09] preparing POPE splits
FAILED to download POPE random; check URLs manually
FAILED to download POPE popular; check URLs manually
FAILED to download POPE adversarial; check URLs manually
[2026-09-22 09:54:16] trying RefCOCO refs(unc).pkl download (UNC, may be blocked)
[2026-09-22 09:54:17] building RefCOCO from HF mirror (jxu124/refcoco)
wrote data/refcoco.jsonl 800
[2026-09-22 09:54:19] lazy-downloading COCO images val2014+train2014 (capped)
800 images missing
[2026-09-22 09:54:53] images on disk: 0
[2026-09-22 09:54:53] PREP_DONE
