[2026-09-22 09:51:36] downloading COCO val2014 annotations (~240MB)
[2026-09-22 09:51:40] instances json ready
[2026-09-22 09:51:40] preparing POPE splits
scripts/prepare_all.sh: line 38: python: command not found
[2026-09-22 09:51:40] trying RefCOCO refs(unc).pkl download
[2026-09-22 09:51:43] WARNING: refcoco.jsonl missing; grounding/cond/occlusion probes will be skipped
[2026-09-22 09:51:43] lazy-downloading COCO val2014 images (capped)
scripts/prepare_all.sh: line 59: python: command not found
[2026-09-22 09:51:43] PREP_DONE
[2026-09-22 09:54:09] preparing POPE splits
FAILED to download POPE random; check URLs manually
FAILED to download POPE popular; check URLs manually
FAILED to download POPE adversarial; check URLs manually
[2026-09-22 09:54:16] trying RefCOCO refs(unc).pkl download (UNC, may be blocked)
[2026-09-22 09:54:17] building RefCOCO from HF mirror (jxu124/refcoco)
wrote data/refcoco.jsonl 800
[2026-09-22 09:54:19] lazy-downloading COCO images val2014+train2014 (capped)
800 images missing
[2026-09-22 09:54:53] images on disk: 0
[2026-09-22 09:54:53] PREP_DONE
[2026-09-22 09:56:25] preparing POPE splits
FAILED to download POPE random; check URLs manually
FAILED to download POPE popular; check URLs manually
FAILED to download POPE adversarial; check URLs manually
[2026-09-22 09:56:31] trying RefCOCO refs(unc).pkl download (UNC, may be blocked)
[2026-09-22 09:56:32] lazy-downloading COCO images val2014+train2014 (capped)
800 images missing
[2026-09-22 09:58:10] images on disk: 0
[2026-09-22 09:58:10] PREP_DONE
[2026-09-22 09:59:33] preparing POPE splits
FAILED to download POPE random; check URLs manually
FAILED to download POPE popular; check URLs manually
FAILED to download POPE adversarial; check URLs manually
[2026-09-22 09:59:39] trying RefCOCO refs(unc).pkl download (UNC, may be blocked)
[2026-09-22 09:59:40] building RefCOCO from HF mirror (jxu124/refcoco)
wrote data/refcoco.jsonl 800
[2026-09-22 09:59:42] lazy-downloading COCO images val2014+train2014 (capped)
315 images missing
downloaded 50
downloaded 100
downloaded 150
downloaded 200
downloaded 250
downloaded 300
[2026-09-22 10:00:28] images on disk: 315
[2026-09-22 10:00:28] PREP_DONE
[2026-09-22 10:04:37] preparing POPE splits (raw github primary, HF fallback, outer retry)
FAILED to download POPE random; check URLs manually
FAILED to download POPE popular; check URLs manually
FAILED to download POPE adversarial; check URLs manually
[2026-09-22 10:04:43] POPE via HF mirror (lmms-lab-encoder/POPE)
Warning: You are sending unauthenticated requests to the HF Hub. Please set a HF_TOKEN to enable higher rate limits and faster downloads.
wrote data/pope_random.jsonl 3000
wrote data/pope_popular.jsonl 3000
wrote data/pope_adversarial.jsonl 3000
[2026-09-22 10:05:04] trying RefCOCO refs(unc).pkl download (UNC, may be blocked)
[2026-09-22 10:05:05] lazy-downloading COCO images val2014+train2014 (capped)
500 images missing
downloaded 50
downloaded 100
downloaded 150
downloaded 200
downloaded 250
downloaded 300
downloaded 350
downloaded 400
downloaded 450
downloaded 500
[2026-09-22 10:06:20] images on disk: 815
[2026-09-22 10:06:20] PREP_DONE
